// Jest Snapshot v1, https://goo.gl/fbAQLP

exports[`* ContainerComponent Se crea el snap 1`] = `
<div
  className="screens_component_div"
>
  <h1>
    Hola mundo
  </h1>
</div>
`;
