// Jest Snapshot v1, https://goo.gl/fbAQLP

exports[`MainRootScreen Se crea el snap 1`] = `<div />`;
