// Jest Snapshot v1, https://goo.gl/fbAQLP

exports[`MainDashboardProductScreen Se crea el snap 1`] = `
<div>
  <div
    className="screens_component_category"
  />
</div>
`;
